Archive member included to satisfy reference by file (symbol)

c:/program files/stm32cubeide_1.4.0/stm32cubeide/plugins/com.st.stm32cube.ide.mcu.externaltools.gnu-tools-for-stm32.7-2018-q2-update.win32_1.4.0.202007081208/tools/bin/../lib/gcc/arm-none-eabi/7.3.1/../../../../arm-none-eabi/lib/thumb/v6-m\libc_nano.a(lib_a-errno.o)
                              Core/Src/syscalls.o (__errno)
c:/program files/stm32cubeide_1.4.0/stm32cubeide/plugins/com.st.stm32cube.ide.mcu.externaltools.gnu-tools-for-stm32.7-2018-q2-update.win32_1.4.0.202007081208/tools/bin/../lib/gcc/arm-none-eabi/7.3.1/../../../../arm-none-eabi/lib/thumb/v6-m\libc_nano.a(lib_a-exit.o)
                              c:/program files/stm32cubeide_1.4.0/stm32cubeide/plugins/com.st.stm32cube.ide.mcu.externaltools.gnu-tools-for-stm32.7-2018-q2-update.win32_1.4.0.202007081208/tools/bin/../lib/gcc/arm-none-eabi/7.3.1/../../../../arm-none-eabi/lib/thumb/v6-m/crt0.o (exit)
c:/program files/stm32cubeide_1.4.0/stm32cubeide/plugins/com.st.stm32cube.ide.mcu.externaltools.gnu-tools-for-stm32.7-2018-q2-update.win32_1.4.0.202007081208/tools/bin/../lib/gcc/arm-none-eabi/7.3.1/../../../../arm-none-eabi/lib/thumb/v6-m\libc_nano.a(lib_a-impure.o)
                              c:/program files/stm32cubeide_1.4.0/stm32cubeide/plugins/com.st.stm32cube.ide.mcu.externaltools.gnu-tools-for-stm32.7-2018-q2-update.win32_1.4.0.202007081208/tools/bin/../lib/gcc/arm-none-eabi/7.3.1/../../../../arm-none-eabi/lib/thumb/v6-m\libc_nano.a(lib_a-exit.o) (_global_impure_ptr)
c:/program files/stm32cubeide_1.4.0/stm32cubeide/plugins/com.st.stm32cube.ide.mcu.externaltools.gnu-tools-for-stm32.7-2018-q2-update.win32_1.4.0.202007081208/tools/bin/../lib/gcc/arm-none-eabi/7.3.1/../../../../arm-none-eabi/lib/thumb/v6-m\libc_nano.a(lib_a-init.o)
                              c:/program files/stm32cubeide_1.4.0/stm32cubeide/plugins/com.st.stm32cube.ide.mcu.externaltools.gnu-tools-for-stm32.7-2018-q2-update.win32_1.4.0.202007081208/tools/bin/../lib/gcc/arm-none-eabi/7.3.1/../../../../arm-none-eabi/lib/thumb/v6-m/crt0.o (__libc_init_array)
c:/program files/stm32cubeide_1.4.0/stm32cubeide/plugins/com.st.stm32cube.ide.mcu.externaltools.gnu-tools-for-stm32.7-2018-q2-update.win32_1.4.0.202007081208/tools/bin/../lib/gcc/arm-none-eabi/7.3.1/../../../../arm-none-eabi/lib/thumb/v6-m\libc_nano.a(lib_a-memcpy-stub.o)
                              Middlewares/Third_Party/FreeRTOS/Source/queue.o (memcpy)
c:/program files/stm32cubeide_1.4.0/stm32cubeide/plugins/com.st.stm32cube.ide.mcu.externaltools.gnu-tools-for-stm32.7-2018-q2-update.win32_1.4.0.202007081208/tools/bin/../lib/gcc/arm-none-eabi/7.3.1/../../../../arm-none-eabi/lib/thumb/v6-m\libc_nano.a(lib_a-memset.o)
                              c:/program files/stm32cubeide_1.4.0/stm32cubeide/plugins/com.st.stm32cube.ide.mcu.externaltools.gnu-tools-for-stm32.7-2018-q2-update.win32_1.4.0.202007081208/tools/bin/../lib/gcc/arm-none-eabi/7.3.1/../../../../arm-none-eabi/lib/thumb/v6-m/crt0.o (memset)
c:/program files/stm32cubeide_1.4.0/stm32cubeide/plugins/com.st.stm32cube.ide.mcu.externaltools.gnu-tools-for-stm32.7-2018-q2-update.win32_1.4.0.202007081208/tools/bin/../lib/gcc/arm-none-eabi/7.3.1/thumb/v6-m\libgcc.a(_udivsi3.o)
                              Core/Src/stm32f0xx_hal_timebase_tim.o (__aeabi_uidiv)
c:/program files/stm32cubeide_1.4.0/stm32cubeide/plugins/com.st.stm32cube.ide.mcu.externaltools.gnu-tools-for-stm32.7-2018-q2-update.win32_1.4.0.202007081208/tools/bin/../lib/gcc/arm-none-eabi/7.3.1/thumb/v6-m\libgcc.a(_dvmd_tls.o)
                              c:/program files/stm32cubeide_1.4.0/stm32cubeide/plugins/com.st.stm32cube.ide.mcu.externaltools.gnu-tools-for-stm32.7-2018-q2-update.win32_1.4.0.202007081208/tools/bin/../lib/gcc/arm-none-eabi/7.3.1/thumb/v6-m\libgcc.a(_udivsi3.o) (__aeabi_idiv0)

Allocating common symbols
Common symbol       size              file

defaultTaskHandle   0x4               Core/Src/main.o
AcceleroTaskHandle  0x4               Core/Src/main.o
uwTick              0x4               Drivers/STM32F0xx_HAL_Driver/Src/stm32f0xx_hal.o
xQueueRegistry      0x40              Middlewares/Third_Party/FreeRTOS/Source/queue.o
pFlash              0x20              Drivers/STM32F0xx_HAL_Driver/Src/stm32f0xx_hal_flash.o
VisualTaskHandle    0x4               Core/Src/main.o
xVisualQueueHandle  0x4               Core/Src/main.o
htim14              0x40              Core/Src/stm32f0xx_hal_timebase_tim.o

Discarded input sections

 .text          0x0000000000000000        0x0 c:/program files/stm32cubeide_1.4.0/stm32cubeide/plugins/com.st.stm32cube.ide.mcu.externaltools.gnu-tools-for-stm32.7-2018-q2-update.win32_1.4.0.202007081208/tools/bin/../lib/gcc/arm-none-eabi/7.3.1/thumb/v6-m/crti.o
[...]
Memory Configuration

Name             Origin             Length             Attributes
RAM              0x0000000020000000 0x0000000000002000 xrw
FLASH            0x0000000008000000 0x0000000000010000 xr
*default*        0x0000000000000000 0xffffffffffffffff

Linker script and memory map

LOAD c:/program files/stm32cubeide_1.4.0/stm32cubeide/plugins/com.st.stm32cube.ide.mcu.externaltools.gnu-tools-for-stm32.7-2018-q2-update.win32_1.4.0.202007081208/tools/bin/../lib/gcc/arm-none-eabi/7.3.1/thumb/v6-m/crti.o
LOAD c:/program files/stm32cubeide_1.4.0/stm32cubeide/plugins/com.st.stm32cube.ide.mcu.externaltools.gnu-tools-for-stm32.7-2018-q2-update.win32_1.4.0.202007081208/tools/bin/../lib/gcc/arm-none-eabi/7.3.1/thumb/v6-m/crtbegin.o
LOAD c:/program files/stm32cubeide_1.4.0/stm32cubeide/plugins/com.st.stm32cube.ide.mcu.externaltools.gnu-tools-for-stm32.7-2018-q2-update.win32_1.4.0.202007081208/tools/bin/../lib/gcc/arm-none-eabi/7.3.1/../../../../arm-none-eabi/lib/thumb/v6-m/crt0.o
LOAD Core/Src/freertos.o
LOAD Core/Src/main.o
LOAD Core/Src/stm32f0xx_hal_msp.o
LOAD Core/Src/stm32f0xx_hal_timebase_tim.o
LOAD Core/Src/stm32f0xx_it.o
LOAD Core/Src/syscalls.o
LOAD Core/Src/sysmem.o
LOAD Core/Src/system_stm32f0xx.o
LOAD Core/Startup/startup_stm32f030r8tx.o
LOAD Drivers/STM32F0xx_HAL_Driver/Src/stm32f0xx_hal.o
LOAD Drivers/STM32F0xx_HAL_Driver/Src/stm32f0xx_hal_cortex.o
LOAD Drivers/STM32F0xx_HAL_Driver/Src/stm32f0xx_hal_dma.o
LOAD Drivers/STM32F0xx_HAL_Driver/Src/stm32f0xx_hal_exti.o
LOAD Drivers/STM32F0xx_HAL_Driver/Src/stm32f0xx_hal_flash.o
LOAD Drivers/STM32F0xx_HAL_Driver/Src/stm32f0xx_hal_flash_ex.o
LOAD Drivers/STM32F0xx_HAL_Driver/Src/stm32f0xx_hal_gpio.o
LOAD Drivers/STM32F0xx_HAL_Driver/Src/stm32f0xx_hal_i2c.o
LOAD Drivers/STM32F0xx_HAL_Driver/Src/stm32f0xx_hal_i2c_ex.o
LOAD Drivers/STM32F0xx_HAL_Driver/Src/stm32f0xx_hal_pwr.o
LOAD Drivers/STM32F0xx_HAL_Driver/Src/stm32f0xx_hal_pwr_ex.o
LOAD Drivers/STM32F0xx_HAL_Driver/Src/stm32f0xx_hal_rcc.o
LOAD Drivers/STM32F0xx_HAL_Driver/Src/stm32f0xx_hal_rcc_ex.o
LOAD Drivers/STM32F0xx_HAL_Driver/Src/stm32f0xx_hal_tim.o
LOAD Drivers/STM32F0xx_HAL_Driver/Src/stm32f0xx_hal_tim_ex.o
LOAD Drivers/STM32F0xx_HAL_Driver/Src/stm32f0xx_hal_uart.o
LOAD Drivers/STM32F0xx_HAL_Driver/Src/stm32f0xx_hal_uart_ex.o
LOAD Middlewares/Third_Party/FreeRTOS/Source/CMSIS_RTOS/cmsis_os.o
LOAD Middlewares/Third_Party/FreeRTOS/Source/croutine.o
LOAD Middlewares/Third_Party/FreeRTOS/Source/event_groups.o
LOAD Middlewares/Third_Party/FreeRTOS/Source/list.o
LOAD Middlewares/Third_Party/FreeRTOS/Source/queue.o
LOAD Middlewares/Third_Party/FreeRTOS/Source/stream_buffer.o
LOAD Middlewares/Third_Party/FreeRTOS/Source/tasks.o
LOAD Middlewares/Third_Party/FreeRTOS/Source/timers.o
LOAD Middlewares/Third_Party/FreeRTOS/Source/portable/GCC/ARM_CM0/port.o
LOAD Middlewares/Third_Party/FreeRTOS/Source/portable/MemMang/heap_4.o
START GROUP
LOAD c:/program files/stm32cubeide_1.4.0/stm32cubeide/plugins/com.st.stm32cube.ide.mcu.externaltools.gnu-tools-for-stm32.7-2018-q2-update.win32_1.4.0.202007081208/tools/bin/../lib/gcc/arm-none-eabi/7.3.1/../../../../arm-none-eabi/lib/thumb/v6-m\libc_nano.a
LOAD c:/program files/stm32cubeide_1.4.0/stm32cubeide/plugins/com.st.stm32cube.ide.mcu.externaltools.gnu-tools-for-stm32.7-2018-q2-update.win32_1.4.0.202007081208/tools/bin/../lib/gcc/arm-none-eabi/7.3.1/../../../../arm-none-eabi/lib/thumb/v6-m\libm.a
END GROUP
START GROUP
LOAD c:/program files/stm32cubeide_1.4.0/stm32cubeide/plugins/com.st.stm32cube.ide.mcu.externaltools.gnu-tools-for-stm32.7-2018-q2-update.win32_1.4.0.202007081208/tools/bin/../lib/gcc/arm-none-eabi/7.3.1/thumb/v6-m\libgcc.a
LOAD c:/program files/stm32cubeide_1.4.0/stm32cubeide/plugins/com.st.stm32cube.ide.mcu.externaltools.gnu-tools-for-stm32.7-2018-q2-update.win32_1.4.0.202007081208/tools/bin/../lib/gcc/arm-none-eabi/7.3.1/../../../../arm-none-eabi/lib/thumb/v6-m\libc_nano.a
END GROUP
START GROUP
LOAD c:/program files/stm32cubeide_1.4.0/stm32cubeide/plugins/com.st.stm32cube.ide.mcu.externaltools.gnu-tools-for-stm32.7-2018-q2-update.win32_1.4.0.202007081208/tools/bin/../lib/gcc/arm-none-eabi/7.3.1/thumb/v6-m\libgcc.a
LOAD c:/program files/stm32cubeide_1.4.0/stm32cubeide/plugins/com.st.stm32cube.ide.mcu.externaltools.gnu-tools-for-stm32.7-2018-q2-update.win32_1.4.0.202007081208/tools/bin/../lib/gcc/arm-none-eabi/7.3.1/../../../../arm-none-eabi/lib/thumb/v6-m\libc_nano.a
LOAD c:/program files/stm32cubeide_1.4.0/stm32cubeide/plugins/com.st.stm32cube.ide.mcu.externaltools.gnu-tools-for-stm32.7-2018-q2-update.win32_1.4.0.202007081208/tools/bin/../lib/gcc/arm-none-eabi/7.3.1/../../../../arm-none-eabi/lib/thumb/v6-m\libnosys.a
END GROUP
START GROUP
LOAD c:/program files/stm32cubeide_1.4.0/stm32cubeide/plugins/com.st.stm32cube.ide.mcu.externaltools.gnu-tools-for-stm32.7-2018-q2-update.win32_1.4.0.202007081208/tools/bin/../lib/gcc/arm-none-eabi/7.3.1/thumb/v6-m\libgcc.a
LOAD c:/program files/stm32cubeide_1.4.0/stm32cubeide/plugins/com.st.stm32cube.ide.mcu.externaltools.gnu-tools-for-stm32.7-2018-q2-update.win32_1.4.0.202007081208/tools/bin/../lib/gcc/arm-none-eabi/7.3.1/../../../../arm-none-eabi/lib/thumb/v6-m\libc_nano.a
LOAD c:/program files/stm32cubeide_1.4.0/stm32cubeide/plugins/com.st.stm32cube.ide.mcu.externaltools.gnu-tools-for-stm32.7-2018-q2-update.win32_1.4.0.202007081208/tools/bin/../lib/gcc/arm-none-eabi/7.3.1/../../../../arm-none-eabi/lib/thumb/v6-m\libnosys.a
END GROUP
LOAD c:/program files/stm32cubeide_1.4.0/stm32cubeide/plugins/com.st.stm32cube.ide.mcu.externaltools.gnu-tools-for-stm32.7-2018-q2-update.win32_1.4.0.202007081208/tools/bin/../lib/gcc/arm-none-eabi/7.3.1/thumb/v6-m/crtend.o
LOAD c:/program files/stm32cubeide_1.4.0/stm32cubeide/plugins/com.st.stm32cube.ide.mcu.externaltools.gnu-tools-for-stm32.7-2018-q2-update.win32_1.4.0.202007081208/tools/bin/../lib/gcc/arm-none-eabi/7.3.1/thumb/v6-m/crtn.o
                0x0000000020002000                _estack = (ORIGIN (RAM) + LENGTH (RAM))
                0x0000000000000200                _Min_Heap_Size = 0x200
                0x0000000000000400                _Min_Stack_Size = 0x400

.isr_vector     0x0000000008000000       0xc0
                0x0000000008000000                . = ALIGN (0x4)
 *(.isr_vector)
 .isr_vector    0x0000000008000000       0xc0 Core/Startup/startup_stm32f030r8tx.o
                0x0000000008000000                g_pfnVectors
                0x00000000080000c0                . = ALIGN (0x4)

.text           0x00000000080000c0     0x3460
                0x00000000080000c0                . = ALIGN (0x4)
 *(.text)
 .text          0x00000000080000c0       0x48 c:/program files/stm32cubeide_1.4.0/stm32cubeide/plugins/com.st.stm32cube.ide.mcu.externaltools.gnu-tools-for-stm32.7-2018-q2-update.win32_1.4.0.202007081208/tools/bin/../lib/gcc/arm-none-eabi/7.3.1/thumb/v6-m/crtbegin.o
 .text          0x0000000008000108      0x114 c:/program files/stm32cubeide_1.4.0/stm32cubeide/plugins/com.st.stm32cube.ide.mcu.externaltools.gnu-tools-for-stm32.7-2018-q2-update.win32_1.4.0.202007081208/tools/bin/../lib/gcc/arm-none-eabi/7.3.1/thumb/v6-m\libgcc.a(_udivsi3.o)
                0x0000000008000108                __aeabi_uidiv
                0x0000000008000108                __udivsi3
                0x0000000008000214                __aeabi_uidivmod
 .text          0x000000000800021c        0x4 c:/program files/stm32cubeide_1.4.0/stm32cubeide/plugins/com.st.stm32cube.ide.mcu.externaltools.gnu-tools-for-stm32.7-2018-q2-update.win32_1.4.0.202007081208/tools/bin/../lib/gcc/arm-none-eabi/7.3.1/thumb/v6-m\libgcc.a(_dvmd_tls.o)
                0x000000000800021c                __aeabi_idiv0
                0x000000000800021c                __aeabi_ldiv0
 *(.text*)
 .text.vApplicationGetIdleTaskMemory
                0x0000000008000220       0x30 Core/Src/freertos.o
                0x0000000008000220                vApplicationGetIdleTaskMemory
 .text.main     0x0000000008000250       0xbc Core/Src/main.o
                0x0000000008000250                main
 .text.SystemClock_Config
                0x000000000800030c       0x80 Core/Src/main.o
                0x000000000800030c                SystemClock_Config
 .text.MX_GPIO_Init
                0x000000000800038c       0xc4 Core/Src/main.o
 .text.StartDefaultTask
                0x0000000008000450       0x10 Core/Src/main.o
                0x0000000008000450                StartDefaultTask
 .text.StartVisualTask
                0x0000000008000460       0x88 Core/Src/main.o
                0x0000000008000460                StartVisualTask
 .text.StartAcceleroTask
                0x00000000080004e8       0x60 Core/Src/main.o
                0x00000000080004e8                StartAcceleroTask
 .text.HAL_TIM_PeriodElapsedCallback
                0x0000000008000548       0x24 Core/Src/main.o
                0x0000000008000548                HAL_TIM_PeriodElapsedCallback
 .text.Error_Handler
                0x000000000800056c        0xa Core/Src/main.o
                0x000000000800056c                Error_Handler
 *fill*         0x0000000008000576        0x2 
 .text.HAL_MspInit
                0x0000000008000578       0x48 Core/Src/stm32f0xx_hal_msp.o
                0x0000000008000578                HAL_MspInit
 .text.HAL_InitTick
                0x00000000080005c0       0xbc Core/Src/stm32f0xx_hal_timebase_tim.o
                0x00000000080005c0                HAL_InitTick
 .text.NMI_Handler
                0x000000000800067c        0xa Core/Src/stm32f0xx_it.o
                0x000000000800067c                NMI_Handler
 .text.HardFault_Handler
                0x0000000008000686        0x6 Core/Src/stm32f0xx_it.o
                0x0000000008000686                HardFault_Handler
 .text.TIM14_IRQHandler
                0x000000000800068c       0x18 Core/Src/stm32f0xx_it.o
                0x000000000800068c                TIM14_IRQHandler
 .text.SystemInit
                0x00000000080006a4        0xa Core/Src/system_stm32f0xx.o
                0x00000000080006a4                SystemInit
 *fill*         0x00000000080006ae        0x2 
 .text.Reset_Handler
                0x00000000080006b0       0x50 Core/Startup/startup_stm32f030r8tx.o
                0x00000000080006b0                Reset_Handler
 .text.Default_Handler
                0x0000000008000700        0x2 Core/Startup/startup_stm32f030r8tx.o
                0x0000000008000700                TIM1_CC_IRQHandler
                0x0000000008000700                TIM6_IRQHandler
                0x0000000008000700                I2C1_IRQHandler
                0x0000000008000700                SPI1_IRQHandler
                0x0000000008000700                EXTI2_3_IRQHandler
                0x0000000008000700                ADC1_IRQHandler
                0x0000000008000700                I2C2_IRQHandler
                0x0000000008000700                TIM17_IRQHandler
                0x0000000008000700                RTC_IRQHandler
                0x0000000008000700                TIM16_IRQHandler
                0x0000000008000700                TIM3_IRQHandler
                0x0000000008000700                EXTI4_15_IRQHandler
                0x0000000008000700                RCC_IRQHandler
                0x0000000008000700                DMA1_Channel1_IRQHandler
                0x0000000008000700                Default_Handler
                0x0000000008000700                DMA1_Channel4_5_IRQHandler
                0x0000000008000700                TIM15_IRQHandler
                0x0000000008000700                EXTI0_1_IRQHandler
                0x0000000008000700                SPI2_IRQHandler
                0x0000000008000700                WWDG_IRQHandler
                0x0000000008000700                DMA1_Channel2_3_IRQHandler
                0x0000000008000700                USART2_IRQHandler
                0x0000000008000700                FLASH_IRQHandler
                0x0000000008000700                USART1_IRQHandler
                0x0000000008000700                TIM1_BRK_UP_TRG_COM_IRQHandler
 *fill*         0x0000000008000702        0x2 
 .text.HAL_Init
                0x0000000008000704       0x28 Drivers/STM32F0xx_HAL_Driver/Src/stm32f0xx_hal.o
                0x0000000008000704                HAL_Init
 .text.HAL_IncTick
                0x000000000800072c       0x24 Drivers/STM32F0xx_HAL_Driver/Src/stm32f0xx_hal.o
                0x000000000800072c                HAL_IncTick
 .text.HAL_GetTick
                0x0000000008000750       0x14 Drivers/STM32F0xx_HAL_Driver/Src/stm32f0xx_hal.o
                0x0000000008000750                HAL_GetTick
 .text.__NVIC_EnableIRQ
                0x0000000008000764       0x34 Drivers/STM32F0xx_HAL_Driver/Src/stm32f0xx_hal_cortex.o
 .text.__NVIC_SetPriority
                0x0000000008000798       0xdc Drivers/STM32F0xx_HAL_Driver/Src/stm32f0xx_hal_cortex.o
 .text.HAL_NVIC_SetPriority
                0x0000000008000874       0x2a Drivers/STM32F0xx_HAL_Driver/Src/stm32f0xx_hal_cortex.o
                0x0000000008000874                HAL_NVIC_SetPriority
 .text.HAL_NVIC_EnableIRQ
                0x000000000800089e       0x20 Drivers/STM32F0xx_HAL_Driver/Src/stm32f0xx_hal_cortex.o
                0x000000000800089e                HAL_NVIC_EnableIRQ
 *fill*         0x00000000080008be        0x2 
 .text.HAL_GPIO_Init
                0x00000000080008c0      0x2e0 Drivers/STM32F0xx_HAL_Driver/Src/stm32f0xx_hal_gpio.o
                0x00000000080008c0                HAL_GPIO_Init
 .text.HAL_GPIO_WritePin
                0x0000000008000ba0       0x3a Drivers/STM32F0xx_HAL_Driver/Src/stm32f0xx_hal_gpio.o
                0x0000000008000ba0                HAL_GPIO_WritePin
 *fill*         0x0000000008000bda        0x2 
 .text.HAL_RCC_OscConfig
                0x0000000008000bdc      0x638 Drivers/STM32F0xx_HAL_Driver/Src/stm32f0xx_hal_rcc.o
                0x0000000008000bdc                HAL_RCC_OscConfig
 .text.HAL_RCC_ClockConfig
                0x0000000008001214      0x19c Drivers/STM32F0xx_HAL_Driver/Src/stm32f0xx_hal_rcc.o
                0x0000000008001214                HAL_RCC_ClockConfig
 .text.HAL_RCC_GetSysClockFreq
                0x00000000080013b0       0xc8 Drivers/STM32F0xx_HAL_Driver/Src/stm32f0xx_hal_rcc.o
                0x00000000080013b0                HAL_RCC_GetSysClockFreq
 .text.HAL_RCC_GetHCLKFreq
                0x0000000008001478       0x14 Drivers/STM32F0xx_HAL_Driver/Src/stm32f0xx_hal_rcc.o
                0x0000000008001478                HAL_RCC_GetHCLKFreq
 .text.HAL_RCC_GetPCLK1Freq
                0x000000000800148c       0x2c Drivers/STM32F0xx_HAL_Driver/Src/stm32f0xx_hal_rcc.o
                0x000000000800148c                HAL_RCC_GetPCLK1Freq
 .text.HAL_RCC_GetClockConfig
                0x00000000080014b8       0x54 Drivers/STM32F0xx_HAL_Driver/Src/stm32f0xx_hal_rcc.o
                0x00000000080014b8                HAL_RCC_GetClockConfig
 .text.HAL_TIM_Base_Init
                0x000000000800150c       0x58 Drivers/STM32F0xx_HAL_Driver/Src/stm32f0xx_hal_tim.o
                0x000000000800150c                HAL_TIM_Base_Init
 .text.HAL_TIM_Base_MspInit
                0x0000000008001564       0x10 Drivers/STM32F0xx_HAL_Driver/Src/stm32f0xx_hal_tim.o
                0x0000000008001564                HAL_TIM_Base_MspInit
 .text.HAL_TIM_Base_Start_IT
                0x0000000008001574       0x44 Drivers/STM32F0xx_HAL_Driver/Src/stm32f0xx_hal_tim.o
                0x0000000008001574                HAL_TIM_Base_Start_IT
 .text.HAL_TIM_IRQHandler
                0x00000000080015b8      0x22c Drivers/STM32F0xx_HAL_Driver/Src/stm32f0xx_hal_tim.o
                0x00000000080015b8                HAL_TIM_IRQHandler
 .text.HAL_TIM_OC_DelayElapsedCallback
                0x00000000080017e4       0x10 Drivers/STM32F0xx_HAL_Driver/Src/stm32f0xx_hal_tim.o
                0x00000000080017e4                HAL_TIM_OC_DelayElapsedCallback
 .text.HAL_TIM_IC_CaptureCallback
                0x00000000080017f4       0x10 Drivers/STM32F0xx_HAL_Driver/Src/stm32f0xx_hal_tim.o
                0x00000000080017f4                HAL_TIM_IC_CaptureCallback
 .text.HAL_TIM_PWM_PulseFinishedCallback
                0x0000000008001804       0x10 Drivers/STM32F0xx_HAL_Driver/Src/stm32f0xx_hal_tim.o
                0x0000000008001804                HAL_TIM_PWM_PulseFinishedCallback
 .text.HAL_TIM_TriggerCallback
                0x0000000008001814       0x10 Drivers/STM32F0xx_HAL_Driver/Src/stm32f0xx_hal_tim.o
                0x0000000008001814                HAL_TIM_TriggerCallback
 .text.TIM_Base_SetConfig
                0x0000000008001824       0xec Drivers/STM32F0xx_HAL_Driver/Src/stm32f0xx_hal_tim.o
                0x0000000008001824                TIM_Base_SetConfig
 .text.HAL_TIMEx_CommutCallback
                0x0000000008001910       0x10 Drivers/STM32F0xx_HAL_Driver/Src/stm32f0xx_hal_tim_ex.o
                0x0000000008001910                HAL_TIMEx_CommutCallback
 .text.HAL_TIMEx_BreakCallback
                0x0000000008001920       0x10 Drivers/STM32F0xx_HAL_Driver/Src/stm32f0xx_hal_tim_ex.o
                0x0000000008001920                HAL_TIMEx_BreakCallback
 .text.makeFreeRtosPriority
                0x0000000008001930       0x32 Middlewares/Third_Party/FreeRTOS/Source/CMSIS_RTOS/cmsis_os.o
 .text.osKernelStart
                0x0000000008001962       0x10 Middlewares/Third_Party/FreeRTOS/Source/CMSIS_RTOS/cmsis_os.o
                0x0000000008001962                osKernelStart
 .text.osThreadCreate
                0x0000000008001972       0x9a Middlewares/Third_Party/FreeRTOS/Source/CMSIS_RTOS/cmsis_os.o
                0x0000000008001972                osThreadCreate
 .text.osDelay  0x0000000008001a0c       0x28 Middlewares/Third_Party/FreeRTOS/Source/CMSIS_RTOS/cmsis_os.o
                0x0000000008001a0c                osDelay
 .text.osMessageCreate
                0x0000000008001a34       0x52 Middlewares/Third_Party/FreeRTOS/Source/CMSIS_RTOS/cmsis_os.o
                0x0000000008001a34                osMessageCreate
 .text.vListInitialise
                0x0000000008001a86       0x3c Middlewares/Third_Party/FreeRTOS/Source/list.o
                0x0000000008001a86                vListInitialise
 .text.vListInitialiseItem
                0x0000000008001ac2       0x16 Middlewares/Third_Party/FreeRTOS/Source/list.o
                0x0000000008001ac2                vListInitialiseItem
 .text.vListInsertEnd
                0x0000000008001ad8       0x44 Middlewares/Third_Party/FreeRTOS/Source/list.o
                0x0000000008001ad8                vListInsertEnd
 .text.vListInsert
                0x0000000008001b1c       0x6c Middlewares/Third_Party/FreeRTOS/Source/list.o
                0x0000000008001b1c                vListInsert
 .text.uxListRemove
                0x0000000008001b88       0x50 Middlewares/Third_Party/FreeRTOS/Source/list.o
                0x0000000008001b88                uxListRemove
 .text.xQueueGenericReset
                0x0000000008001bd8       0xa8 Middlewares/Third_Party/FreeRTOS/Source/queue.o
                0x0000000008001bd8                xQueueGenericReset
 .text.xQueueGenericCreateStatic
                0x0000000008001c80       0x96 Middlewares/Third_Party/FreeRTOS/Source/queue.o
                0x0000000008001c80                xQueueGenericCreateStatic
 .text.xQueueGenericCreate
                0x0000000008001d16       0x6c Middlewares/Third_Party/FreeRTOS/Source/queue.o
                0x0000000008001d16                xQueueGenericCreate
 .text.prvInitialiseNewQueue
                0x0000000008001d82       0x44 Middlewares/Third_Party/FreeRTOS/Source/queue.o
 .text.xQueueGenericSend
                0x0000000008001dc6      0x188 Middlewares/Third_Party/FreeRTOS/Source/queue.o
                0x0000000008001dc6                xQueueGenericSend
 .text.xQueueReceive
                0x0000000008001f4e      0x16a Middlewares/Third_Party/FreeRTOS/Source/queue.o
                0x0000000008001f4e                xQueueReceive
 .text.prvCopyDataToQueue
                0x00000000080020b8       0xd6 Middlewares/Third_Party/FreeRTOS/Source/queue.o
 .text.prvCopyDataFromQueue
                0x000000000800218e       0x4c Middlewares/Third_Party/FreeRTOS/Source/queue.o
 .text.prvUnlockQueue
                0x00000000080021da       0xbc Middlewares/Third_Party/FreeRTOS/Source/queue.o
 .text.prvIsQueueEmpty
                0x0000000008002296       0x2c Middlewares/Third_Party/FreeRTOS/Source/queue.o
 .text.prvIsQueueFull
                0x00000000080022c2       0x30 Middlewares/Third_Party/FreeRTOS/Source/queue.o
 .text.xTaskCreateStatic
                0x00000000080022f2       0x86 Middlewares/Third_Party/FreeRTOS/Source/tasks.o
                0x00000000080022f2                xTaskCreateStatic
 .text.xTaskCreate
                0x0000000008002378       0x98 Middlewares/Third_Party/FreeRTOS/Source/tasks.o
                0x0000000008002378                xTaskCreate
 .text.prvInitialiseNewTask
                0x0000000008002410       0xf4 Middlewares/Third_Party/FreeRTOS/Source/tasks.o
 .text.prvAddNewTaskToReadyList
                0x0000000008002504       0xc8 Middlewares/Third_Party/FreeRTOS/Source/tasks.o
 .text.vTaskDelay
                0x00000000080025cc       0x4c Middlewares/Third_Party/FreeRTOS/Source/tasks.o
                0x00000000080025cc                vTaskDelay
 .text.vTaskStartScheduler
                0x0000000008002618       0x9c Middlewares/Third_Party/FreeRTOS/Source/tasks.o
                0x0000000008002618                vTaskStartScheduler
 .text.vTaskSuspendAll
                0x00000000080026b4       0x18 Middlewares/Third_Party/FreeRTOS/Source/tasks.o
                0x00000000080026b4                vTaskSuspendAll
 .text.xTaskResumeAll
                0x00000000080026cc      0x118 Middlewares/Third_Party/FreeRTOS/Source/tasks.o
                0x00000000080026cc                xTaskResumeAll
 .text.xTaskIncrementTick
                0x00000000080027e4      0x168 Middlewares/Third_Party/FreeRTOS/Source/tasks.o
                0x00000000080027e4                xTaskIncrementTick
 .text.vTaskSwitchContext
                0x000000000800294c       0xa4 Middlewares/Third_Party/FreeRTOS/Source/tasks.o
                0x000000000800294c                vTaskSwitchContext
 .text.vTaskPlaceOnEventList
                0x00000000080029f0       0x3c Middlewares/Third_Party/FreeRTOS/Source/tasks.o
                0x00000000080029f0                vTaskPlaceOnEventList
 .text.xTaskRemoveFromEventList
                0x0000000008002a2c       0xb8 Middlewares/Third_Party/FreeRTOS/Source/tasks.o
                0x0000000008002a2c                xTaskRemoveFromEventList
 .text.vTaskInternalSetTimeOutState
                0x0000000008002ae4       0x28 Middlewares/Third_Party/FreeRTOS/Source/tasks.o
                0x0000000008002ae4                vTaskInternalSetTimeOutState
 .text.xTaskCheckForTimeOut
                0x0000000008002b0c       0xa0 Middlewares/Third_Party/FreeRTOS/Source/tasks.o
                0x0000000008002b0c                xTaskCheckForTimeOut
 .text.vTaskMissedYield
                0x0000000008002bac       0x14 Middlewares/Third_Party/FreeRTOS/Source/tasks.o
                0x0000000008002bac                vTaskMissedYield
 .text.prvIdleTask
                0x0000000008002bc0       0x20 Middlewares/Third_Party/FreeRTOS/Source/tasks.o
 .text.prvInitialiseTaskLists
                0x0000000008002be0       0x88 Middlewares/Third_Party/FreeRTOS/Source/tasks.o
 .text.prvCheckTasksWaitingTermination
                0x0000000008002c68       0x5c Middlewares/Third_Party/FreeRTOS/Source/tasks.o
 .text.prvDeleteTCB
                0x0000000008002cc4       0x50 Middlewares/Third_Party/FreeRTOS/Source/tasks.o
 .text.prvResetNextTaskUnblockTime
                0x0000000008002d14       0x48 Middlewares/Third_Party/FreeRTOS/Source/tasks.o
 .text.xTaskGetSchedulerState
                0x0000000008002d5c       0x38 Middlewares/Third_Party/FreeRTOS/Source/tasks.o
                0x0000000008002d5c                xTaskGetSchedulerState
 .text.xTaskPriorityDisinherit
                0x0000000008002d94       0xb8 Middlewares/Third_Party/FreeRTOS/Source/tasks.o
                0x0000000008002d94                xTaskPriorityDisinherit
 .text.prvAddCurrentTaskToDelayedList
                0x0000000008002e4c       0xa8 Middlewares/Third_Party/FreeRTOS/Source/tasks.o
 .text.pxPortInitialiseStack
                0x0000000008002ef4       0x54 Middlewares/Third_Party/FreeRTOS/Source/portable/GCC/ARM_CM0/port.o
                0x0000000008002ef4                pxPortInitialiseStack
 .text.prvTaskExitError
                0x0000000008002f48       0x2c Middlewares/Third_Party/FreeRTOS/Source/portable/GCC/ARM_CM0/port.o
 .text.SVC_Handler
                0x0000000008002f74        0xa Middlewares/Third_Party/FreeRTOS/Source/portable/GCC/ARM_CM0/port.o
                0x0000000008002f74                SVC_Handler
 *fill*         0x0000000008002f7e        0x2 
 .text.vPortStartFirstTask
                0x0000000008002f80       0x38 Middlewares/Third_Party/FreeRTOS/Source/portable/GCC/ARM_CM0/port.o
 .text.xPortStartScheduler
                0x0000000008002fb8       0x48 Middlewares/Third_Party/FreeRTOS/Source/portable/GCC/ARM_CM0/port.o
                0x0000000008002fb8                xPortStartScheduler
 .text.vPortYield
                0x0000000008003000       0x20 Middlewares/Third_Party/FreeRTOS/Source/portable/GCC/ARM_CM0/port.o
                0x0000000008003000                vPortYield
 .text.vPortEnterCritical
                0x0000000008003020       0x24 Middlewares/Third_Party/FreeRTOS/Source/portable/GCC/ARM_CM0/port.o
                0x0000000008003020                vPortEnterCritical
 .text.vPortExitCritical
                0x0000000008003044       0x30 Middlewares/Third_Party/FreeRTOS/Source/portable/GCC/ARM_CM0/port.o
                0x0000000008003044                vPortExitCritical
 .text.ulSetInterruptMaskFromISR
                0x0000000008003074        0xc Middlewares/Third_Party/FreeRTOS/Source/portable/GCC/ARM_CM0/port.o
                0x0000000008003074                ulSetInterruptMaskFromISR
 .text.vClearInterruptMaskFromISR
                0x0000000008003080        0x8 Middlewares/Third_Party/FreeRTOS/Source/portable/GCC/ARM_CM0/port.o
                0x0000000008003080                vClearInterruptMaskFromISR
 *fill*         0x0000000008003088        0x8 
 .text.PendSV_Handler
                0x0000000008003090       0x48 Middlewares/Third_Party/FreeRTOS/Source/portable/GCC/ARM_CM0/port.o
                0x0000000008003090                PendSV_Handler
 .text.SysTick_Handler
                0x00000000080030d8       0x34 Middlewares/Third_Party/FreeRTOS/Source/portable/GCC/ARM_CM0/port.o
                0x00000000080030d8                SysTick_Handler
 .text.prvSetupTimerInterrupt
                0x000000000800310c       0x44 Middlewares/Third_Party/FreeRTOS/Source/portable/GCC/ARM_CM0/port.o
 .text.pvPortMalloc
                0x0000000008003150      0x14c Middlewares/Third_Party/FreeRTOS/Source/portable/MemMang/heap_4.o
                0x0000000008003150                pvPortMalloc
 .text.vPortFree
                0x000000000800329c       0x90 Middlewares/Third_Party/FreeRTOS/Source/portable/MemMang/heap_4.o
                0x000000000800329c                vPortFree
 .text.prvHeapInit
                0x000000000800332c       0xc0 Middlewares/Third_Party/FreeRTOS/Source/portable/MemMang/heap_4.o
 .text.prvInsertBlockIntoFreeList
                0x00000000080033ec       0xb0 Middlewares/Third_Party/FreeRTOS/Source/portable/MemMang/heap_4.o
 .text.__libc_init_array
                0x000000000800349c       0x48 c:/program files/stm32cubeide_1.4.0/stm32cubeide/plugins/com.st.stm32cube.ide.mcu.externaltools.gnu-tools-for-stm32.7-2018-q2-update.win32_1.4.0.202007081208/tools/bin/../lib/gcc/arm-none-eabi/7.3.1/../../../../arm-none-eabi/lib/thumb/v6-m\libc_nano.a(lib_a-init.o)
                0x000000000800349c                __libc_init_array
 .text.memcpy   0x00000000080034e4       0x12 c:/program files/stm32cubeide_1.4.0/stm32cubeide/plugins/com.st.stm32cube.ide.mcu.externaltools.gnu-tools-for-stm32.7-2018-q2-update.win32_1.4.0.202007081208/tools/bin/../lib/gcc/arm-none-eabi/7.3.1/../../../../arm-none-eabi/lib/thumb/v6-m\libc_nano.a(lib_a-memcpy-stub.o)
                0x00000000080034e4                memcpy
 .text.memset   0x00000000080034f6       0x10 c:/program files/stm32cubeide_1.4.0/stm32cubeide/plugins/com.st.stm32cube.ide.mcu.externaltools.gnu-tools-for-stm32.7-2018-q2-update.win32_1.4.0.202007081208/tools/bin/../lib/gcc/arm-none-eabi/7.3.1/../../../../arm-none-eabi/lib/thumb/v6-m\libc_nano.a(lib_a-memset.o)
                0x00000000080034f6                memset
 *(.glue_7)
 .glue_7        0x0000000008003506        0x0 linker stubs
 *(.glue_7t)
 .glue_7t       0x0000000008003506        0x0 linker stubs
 *(.eh_frame)
 *fill*         0x0000000008003506        0x2 
 .eh_frame      0x0000000008003508        0x0 c:/program files/stm32cubeide_1.4.0/stm32cubeide/plugins/com.st.stm32cube.ide.mcu.externaltools.gnu-tools-for-stm32.7-2018-q2-update.win32_1.4.0.202007081208/tools/bin/../lib/gcc/arm-none-eabi/7.3.1/thumb/v6-m/crtbegin.o
 *(.init)
 .init          0x0000000008003508        0x4 c:/program files/stm32cubeide_1.4.0/stm32cubeide/plugins/com.st.stm32cube.ide.mcu.externaltools.gnu-tools-for-stm32.7-2018-q2-update.win32_1.4.0.202007081208/tools/bin/../lib/gcc/arm-none-eabi/7.3.1/thumb/v6-m/crti.o
                0x0000000008003508                _init
 .init          0x000000000800350c        0x8 c:/program files/stm32cubeide_1.4.0/stm32cubeide/plugins/com.st.stm32cube.ide.mcu.externaltools.gnu-tools-for-stm32.7-2018-q2-update.win32_1.4.0.202007081208/tools/bin/../lib/gcc/arm-none-eabi/7.3.1/thumb/v6-m/crtn.o
 *(.fini)
 .fini          0x0000000008003514        0x4 c:/program files/stm32cubeide_1.4.0/stm32cubeide/plugins/com.st.stm32cube.ide.mcu.externaltools.gnu-tools-for-stm32.7-2018-q2-update.win32_1.4.0.202007081208/tools/bin/../lib/gcc/arm-none-eabi/7.3.1/thumb/v6-m/crti.o
                0x0000000008003514                _fini
 .fini          0x0000000008003518        0x8 c:/program files/stm32cubeide_1.4.0/stm32cubeide/plugins/com.st.stm32cube.ide.mcu.externaltools.gnu-tools-for-stm32.7-2018-q2-update.win32_1.4.0.202007081208/tools/bin/../lib/gcc/arm-none-eabi/7.3.1/thumb/v6-m/crtn.o
                0x0000000008003520                . = ALIGN (0x4)
                0x0000000008003520                _etext = .

.vfp11_veneer   0x0000000008003520        0x0
 .vfp11_veneer  0x0000000008003520        0x0 linker stubs

.v4_bx          0x0000000008003520        0x0
 .v4_bx         0x0000000008003520        0x0 linker stubs

.iplt           0x0000000008003520        0x0
 .iplt          0x0000000008003520        0x0 c:/program files/stm32cubeide_1.4.0/stm32cubeide/plugins/com.st.stm32cube.ide.mcu.externaltools.gnu-tools-for-stm32.7-2018-q2-update.win32_1.4.0.202007081208/tools/bin/../lib/gcc/arm-none-eabi/7.3.1/thumb/v6-m/crtbegin.o

.rodata         0x0000000008003520       0xd4
                0x0000000008003520                . = ALIGN (0x4)
 *(.rodata)
 .rodata        0x0000000008003520       0x94 Core/Src/main.o
 .rodata        0x00000000080035b4       0x20 Drivers/STM32F0xx_HAL_Driver/Src/stm32f0xx_hal_rcc.o
 .rodata        0x00000000080035d4        0x5 Middlewares/Third_Party/FreeRTOS/Source/tasks.o
 *(.rodata*)
 *fill*         0x00000000080035d9        0x3 
 .rodata.AHBPrescTable
                0x00000000080035dc       0x10 Core/Src/system_stm32f0xx.o
                0x00000000080035dc                AHBPrescTable
 .rodata.APBPrescTable
                0x00000000080035ec        0x8 Core/Src/system_stm32f0xx.o
                0x00000000080035ec                APBPrescTable
                0x00000000080035f4                . = ALIGN (0x4)

.rel.dyn        0x00000000080035f4        0x0
 .rel.iplt      0x00000000080035f4        0x0 c:/program files/stm32cubeide_1.4.0/stm32cubeide/plugins/com.st.stm32cube.ide.mcu.externaltools.gnu-tools-for-stm32.7-2018-q2-update.win32_1.4.0.202007081208/tools/bin/../lib/gcc/arm-none-eabi/7.3.1/thumb/v6-m/crtbegin.o

.ARM.extab      0x00000000080035f4        0x0
                0x00000000080035f4                . = ALIGN (0x4)
 *(.ARM.extab* .gnu.linkonce.armextab.*)
                0x00000000080035f4                . = ALIGN (0x4)

.ARM            0x00000000080035f4        0x0
                0x00000000080035f4                . = ALIGN (0x4)
                0x00000000080035f4                __exidx_start = .
 *(.ARM.exidx*)
                0x00000000080035f4                __exidx_end = .
                0x00000000080035f4                . = ALIGN (0x4)

.preinit_array  0x00000000080035f4        0x0
                0x00000000080035f4                . = ALIGN (0x4)
                0x00000000080035f4                PROVIDE (__preinit_array_start = .)
 *(.preinit_array*)
                0x00000000080035f4                PROVIDE (__preinit_array_end = .)
                0x00000000080035f4                . = ALIGN (0x4)

.init_array     0x00000000080035f4        0x4
                0x00000000080035f4                . = ALIGN (0x4)
                0x00000000080035f4                PROVIDE (__init_array_start = .)
 *(SORT_BY_NAME(.init_array.*))
 *(.init_array*)
 .init_array    0x00000000080035f4        0x4 c:/program files/stm32cubeide_1.4.0/stm32cubeide/plugins/com.st.stm32cube.ide.mcu.externaltools.gnu-tools-for-stm32.7-2018-q2-update.win32_1.4.0.202007081208/tools/bin/../lib/gcc/arm-none-eabi/7.3.1/thumb/v6-m/crtbegin.o
                0x00000000080035f8                PROVIDE (__init_array_end = .)
                0x00000000080035f8                . = ALIGN (0x4)

.fini_array     0x00000000080035f8        0x4
                0x00000000080035f8                . = ALIGN (0x4)
                [!provide]                        PROVIDE (__fini_array_start = .)
 *(SORT_BY_NAME(.fini_array.*))
 *(.fini_array*)
 .fini_array    0x00000000080035f8        0x4 c:/program files/stm32cubeide_1.4.0/stm32cubeide/plugins/com.st.stm32cube.ide.mcu.externaltools.gnu-tools-for-stm32.7-2018-q2-update.win32_1.4.0.202007081208/tools/bin/../lib/gcc/arm-none-eabi/7.3.1/thumb/v6-m/crtbegin.o
                [!provide]                        PROVIDE (__fini_array_end = .)
                0x00000000080035fc                . = ALIGN (0x4)
                0x00000000080035fc                _sidata = LOADADDR (.data)

.data           0x0000000020000000        0xc load address 0x00000000080035fc
                0x0000000020000000                . = ALIGN (0x4)
                0x0000000020000000                _sdata = .
 *(.data)
 *(.data*)
 .data.SystemCoreClock
                0x0000000020000000        0x4 Core/Src/system_stm32f0xx.o
                0x0000000020000000                SystemCoreClock
 .data.uwTickFreq
                0x0000000020000004        0x1 Drivers/STM32F0xx_HAL_Driver/Src/stm32f0xx_hal.o
                0x0000000020000004                uwTickFreq
 *fill*         0x0000000020000005        0x3 
 .data.uxCriticalNesting
                0x0000000020000008        0x4 Middlewares/Third_Party/FreeRTOS/Source/portable/GCC/ARM_CM0/port.o
                0x000000002000000c                . = ALIGN (0x4)
                0x000000002000000c                _edata = .

.igot.plt       0x000000002000000c        0x0 load address 0x0000000008003608
 .igot.plt      0x000000002000000c        0x0 c:/program files/stm32cubeide_1.4.0/stm32cubeide/plugins/com.st.stm32cube.ide.mcu.externaltools.gnu-tools-for-stm32.7-2018-q2-update.win32_1.4.0.202007081208/tools/bin/../lib/gcc/arm-none-eabi/7.3.1/thumb/v6-m/crtbegin.o
                0x000000002000000c                . = ALIGN (0x4)

.bss            0x000000002000000c     0x1008 load address 0x0000000008003608
                0x000000002000000c                _sbss = .
                0x000000002000000c                __bss_start__ = _sbss
 *(.bss)
 .bss           0x000000002000000c       0x1c c:/program files/stm32cubeide_1.4.0/stm32cubeide/plugins/com.st.stm32cube.ide.mcu.externaltools.gnu-tools-for-stm32.7-2018-q2-update.win32_1.4.0.202007081208/tools/bin/../lib/gcc/arm-none-eabi/7.3.1/thumb/v6-m/crtbegin.o
 *(.bss*)
 .bss.xIdleTaskTCBBuffer
                0x0000000020000028       0x54 Core/Src/freertos.o
 .bss.xIdleStack
                0x000000002000007c      0x200 Core/Src/freertos.o
 .bss.pxCurrentTCB
                0x000000002000027c        0x4 Middlewares/Third_Party/FreeRTOS/Source/tasks.o
                0x000000002000027c                pxCurrentTCB
 .bss.pxReadyTasksLists
                0x0000000020000280       0x8c Middlewares/Third_Party/FreeRTOS/Source/tasks.o
 .bss.xDelayedTaskList1
                0x000000002000030c       0x14 Middlewares/Third_Party/FreeRTOS/Source/tasks.o
 .bss.xDelayedTaskList2
                0x0000000020000320       0x14 Middlewares/Third_Party/FreeRTOS/Source/tasks.o
 .bss.pxDelayedTaskList
                0x0000000020000334        0x4 Middlewares/Third_Party/FreeRTOS/Source/tasks.o
 .bss.pxOverflowDelayedTaskList
                0x0000000020000338        0x4 Middlewares/Third_Party/FreeRTOS/Source/tasks.o
 .bss.xPendingReadyList
                0x000000002000033c       0x14 Middlewares/Third_Party/FreeRTOS/Source/tasks.o
 .bss.xTasksWaitingTermination
                0x0000000020000350       0x14 Middlewares/Third_Party/FreeRTOS/Source/tasks.o
 .bss.uxDeletedTasksWaitingCleanUp
                0x0000000020000364        0x4 Middlewares/Third_Party/FreeRTOS/Source/tasks.o
 .bss.xSuspendedTaskList
                0x0000000020000368       0x14 Middlewares/Third_Party/FreeRTOS/Source/tasks.o
 .bss.uxCurrentNumberOfTasks
                0x000000002000037c        0x4 Middlewares/Third_Party/FreeRTOS/Source/tasks.o
 .bss.xTickCount
                0x0000000020000380        0x4 Middlewares/Third_Party/FreeRTOS/Source/tasks.o
 .bss.uxTopReadyPriority
                0x0000000020000384        0x4 Middlewares/Third_Party/FreeRTOS/Source/tasks.o
 .bss.xSchedulerRunning
                0x0000000020000388        0x4 Middlewares/Third_Party/FreeRTOS/Source/tasks.o
 .bss.uxPendedTicks
                0x000000002000038c        0x4 Middlewares/Third_Party/FreeRTOS/Source/tasks.o
 .bss.xYieldPending
                0x0000000020000390        0x4 Middlewares/Third_Party/FreeRTOS/Source/tasks.o
 .bss.xNumOfOverflows
                0x0000000020000394        0x4 Middlewares/Third_Party/FreeRTOS/Source/tasks.o
 .bss.uxTaskNumber
                0x0000000020000398        0x4 Middlewares/Third_Party/FreeRTOS/Source/tasks.o
 .bss.xNextTaskUnblockTime
                0x000000002000039c        0x4 Middlewares/Third_Party/FreeRTOS/Source/tasks.o
 .bss.xIdleTaskHandle
                0x00000000200003a0        0x4 Middlewares/Third_Party/FreeRTOS/Source/tasks.o
 .bss.uxSchedulerSuspended
                0x00000000200003a4        0x4 Middlewares/Third_Party/FreeRTOS/Source/tasks.o
 .bss.ucHeap    0x00000000200003a8      0xc00 Middlewares/Third_Party/FreeRTOS/Source/portable/MemMang/heap_4.o
 .bss.xStart    0x0000000020000fa8        0x8 Middlewares/Third_Party/FreeRTOS/Source/portable/MemMang/heap_4.o
 .bss.pxEnd     0x0000000020000fb0        0x4 Middlewares/Third_Party/FreeRTOS/Source/portable/MemMang/heap_4.o
 .bss.xFreeBytesRemaining
                0x0000000020000fb4        0x4 Middlewares/Third_Party/FreeRTOS/Source/portable/MemMang/heap_4.o
 .bss.xMinimumEverFreeBytesRemaining
                0x0000000020000fb8        0x4 Middlewares/Third_Party/FreeRTOS/Source/portable/MemMang/heap_4.o
 .bss.xBlockAllocatedBit
                0x0000000020000fbc        0x4 Middlewares/Third_Party/FreeRTOS/Source/portable/MemMang/heap_4.o
 *(COMMON)
 COMMON         0x0000000020000fc0       0x10 Core/Src/main.o
                0x0000000020000fc0                defaultTaskHandle
                0x0000000020000fc4                AcceleroTaskHandle
                0x0000000020000fc8                VisualTaskHandle
                0x0000000020000fcc                xVisualQueueHandle
 COMMON         0x0000000020000fd0       0x40 Core/Src/stm32f0xx_hal_timebase_tim.o
                0x0000000020000fd0                htim14
 COMMON         0x0000000020001010        0x4 Drivers/STM32F0xx_HAL_Driver/Src/stm32f0xx_hal.o
                0x0000000020001010                uwTick
                0x0000000020001014                . = ALIGN (0x4)
                0x0000000020001014                _ebss = .
                0x0000000020001014                __bss_end__ = _ebss

._user_heap_stack
                0x0000000020001014      0x604 load address 0x0000000008003608
                0x0000000020001018                . = ALIGN (0x8)
 *fill*         0x0000000020001014        0x4 
                [!provide]                        PROVIDE (end = .)
                0x0000000020001018                PROVIDE (_end = .)
                0x0000000020001218                . = (. + _Min_Heap_Size)
 *fill*         0x0000000020001018      0x200 
                0x0000000020001618                . = (. + _Min_Stack_Size)
 *fill*         0x0000000020001218      0x400 
                0x0000000020001618                . = ALIGN (0x8)

/DISCARD/
 libc.a(*)
 libm.a(*)
 libgcc.a(*)

.ARM.attributes
                0x0000000000000000       0x28
 *(.ARM.attributes)
 .ARM.attributes
                0x0000000000000000       0x1e c:/program files/stm32cubeide_1.4.0/stm32cubeide/plugins/com.st.stm32cube.ide.mcu.externaltools.gnu-tools-for-stm32.7-2018-q2-update.win32_1.4.0.202007081208/tools/bin/../lib/gcc/arm-none-eabi/7.3.1/thumb/v6-m/crti.o
 .ARM.attributes
                0x000000000000001e       0x2c c:/program files/stm32cubeide_1.4.0/stm32cubeide/plugins/com.st.stm32cube.ide.mcu.externaltools.gnu-tools-for-stm32.7-2018-q2-update.win32_1.4.0.202007081208/tools/bin/../lib/gcc/arm-none-eabi/7.3.1/thumb/v6-m/crtbegin.o
 .ARM.attributes
                0x000000000000004a       0x31 Core/Src/freertos.o
 .ARM.attributes
                0x000000000000007b       0x31 Core/Src/main.o
 .ARM.attributes
                0x00000000000000ac       0x31 Core/Src/stm32f0xx_hal_msp.o
 .ARM.attributes
                0x00000000000000dd       0x31 Core/Src/stm32f0xx_hal_timebase_tim.o
 .ARM.attributes
                0x000000000000010e       0x31 Core/Src/stm32f0xx_it.o
 .ARM.attributes
                0x000000000000013f       0x31 Core/Src/system_stm32f0xx.o
 .ARM.attributes
                0x0000000000000170       0x21 Core/Startup/startup_stm32f030r8tx.o
 .ARM.attributes
                0x0000000000000191       0x31 Drivers/STM32F0xx_HAL_Driver/Src/stm32f0xx_hal.o
 .ARM.attributes
                0x00000000000001c2       0x31 Drivers/STM32F0xx_HAL_Driver/Src/stm32f0xx_hal_cortex.o
 .ARM.attributes
                0x00000000000001f3       0x31 Drivers/STM32F0xx_HAL_Driver/Src/stm32f0xx_hal_gpio.o
 .ARM.attributes
                0x0000000000000224       0x31 Drivers/STM32F0xx_HAL_Driver/Src/stm32f0xx_hal_rcc.o
 .ARM.attributes
                0x0000000000000255       0x31 Drivers/STM32F0xx_HAL_Driver/Src/stm32f0xx_hal_tim.o
 .ARM.attributes
                0x0000000000000286       0x31 Drivers/STM32F0xx_HAL_Driver/Src/stm32f0xx_hal_tim_ex.o
 .ARM.attributes
                0x00000000000002b7       0x31 Middlewares/Third_Party/FreeRTOS/Source/CMSIS_RTOS/cmsis_os.o
 .ARM.attributes
                0x00000000000002e8       0x31 Middlewares/Third_Party/FreeRTOS/Source/list.o
 .ARM.attributes
                0x0000000000000319       0x31 Middlewares/Third_Party/FreeRTOS/Source/queue.o
 .ARM.attributes
                0x000000000000034a       0x31 Middlewares/Third_Party/FreeRTOS/Source/tasks.o
 .ARM.attributes
                0x000000000000037b       0x31 Middlewares/Third_Party/FreeRTOS/Source/portable/GCC/ARM_CM0/port.o
 .ARM.attributes
                0x00000000000003ac       0x31 Middlewares/Third_Party/FreeRTOS/Source/portable/MemMang/heap_4.o
 .ARM.attributes
                0x00000000000003dd       0x2c c:/program files/stm32cubeide_1.4.0/stm32cubeide/plugins/com.st.stm32cube.ide.mcu.externaltools.gnu-tools-for-stm32.7-2018-q2-update.win32_1.4.0.202007081208/tools/bin/../lib/gcc/arm-none-eabi/7.3.1/../../../../arm-none-eabi/lib/thumb/v6-m\libc_nano.a(lib_a-init.o)
 .ARM.attributes
                0x0000000000000409       0x2c c:/program files/stm32cubeide_1.4.0/stm32cubeide/plugins/com.st.stm32cube.ide.mcu.externaltools.gnu-tools-for-stm32.7-2018-q2-update.win32_1.4.0.202007081208/tools/bin/../lib/gcc/arm-none-eabi/7.3.1/../../../../arm-none-eabi/lib/thumb/v6-m\libc_nano.a(lib_a-memcpy-stub.o)
 .ARM.attributes
                0x0000000000000435       0x2c c:/program files/stm32cubeide_1.4.0/stm32cubeide/plugins/com.st.stm32cube.ide.mcu.externaltools.gnu-tools-for-stm32.7-2018-q2-update.win32_1.4.0.202007081208/tools/bin/../lib/gcc/arm-none-eabi/7.3.1/../../../../arm-none-eabi/lib/thumb/v6-m\libc_nano.a(lib_a-memset.o)
 .ARM.attributes
                0x0000000000000461       0x1e c:/program files/stm32cubeide_1.4.0/stm32cubeide/plugins/com.st.stm32cube.ide.mcu.externaltools.gnu-tools-for-stm32.7-2018-q2-update.win32_1.4.0.202007081208/tools/bin/../lib/gcc/arm-none-eabi/7.3.1/thumb/v6-m\libgcc.a(_udivsi3.o)
 .ARM.attributes
                0x000000000000047f       0x1e c:/program files/stm32cubeide_1.4.0/stm32cubeide/plugins/com.st.stm32cube.ide.mcu.externaltools.gnu-tools-for-stm32.7-2018-q2-update.win32_1.4.0.202007081208/tools/bin/../lib/gcc/arm-none-eabi/7.3.1/thumb/v6-m\libgcc.a(_dvmd_tls.o)
 .ARM.attributes
                0x000000000000049d       0x1e c:/program files/stm32cubeide_1.4.0/stm32cubeide/plugins/com.st.stm32cube.ide.mcu.externaltools.gnu-tools-for-stm32.7-2018-q2-update.win32_1.4.0.202007081208/tools/bin/../lib/gcc/arm-none-eabi/7.3.1/thumb/v6-m/crtn.o
OUTPUT(cv07.elf elf32-littlearm)

.debug_info     0x0000000000000000     0xe9fb
 .debug_info    0x0000000000000000      0x320 Core/Src/freertos.o
 .debug_info    0x0000000000000320      0xf3b Core/Src/main.o
 .debug_info    0x000000000000125b      0x8e2 Core/Src/stm32f0xx_hal_msp.o
 .debug_info    0x0000000000001b3d      0x872 Core/Src/stm32f0xx_hal_timebase_tim.o
 .debug_info    0x00000000000023af      0x603 Core/Src/stm32f0xx_it.o
 .debug_info    0x00000000000029b2      0x29e Core/Src/system_stm32f0xx.o
 .debug_info    0x0000000000002c50       0x22 Core/Startup/startup_stm32f030r8tx.o
 .debug_info    0x0000000000002c72      0x685 Drivers/STM32F0xx_HAL_Driver/Src/stm32f0xx_hal.o
 .debug_info    0x00000000000032f7      0x762 Drivers/STM32F0xx_HAL_Driver/Src/stm32f0xx_hal_cortex.o
 .debug_info    0x0000000000003a59      0x674 Drivers/STM32F0xx_HAL_Driver/Src/stm32f0xx_hal_gpio.o
 .debug_info    0x00000000000040cd      0x80a Drivers/STM32F0xx_HAL_Driver/Src/stm32f0xx_hal_rcc.o
 .debug_info    0x00000000000048d7     0x2522 Drivers/STM32F0xx_HAL_Driver/Src/stm32f0xx_hal_tim.o
 .debug_info    0x0000000000006df9     0x10e6 Drivers/STM32F0xx_HAL_Driver/Src/stm32f0xx_hal_tim_ex.o
 .debug_info    0x0000000000007edf     0x1dd6 Middlewares/Third_Party/FreeRTOS/Source/CMSIS_RTOS/cmsis_os.o
 .debug_info    0x0000000000009cb5      0xac5 Middlewares/Third_Party/FreeRTOS/Source/list.o
 .debug_info    0x000000000000a77a     0x180d Middlewares/Third_Party/FreeRTOS/Source/queue.o
 .debug_info    0x000000000000bf87     0x1cf0 Middlewares/Third_Party/FreeRTOS/Source/tasks.o
 .debug_info    0x000000000000dc77      0x26b Middlewares/Third_Party/FreeRTOS/Source/portable/GCC/ARM_CM0/port.o
 .debug_info    0x000000000000dee2      0xb19 Middlewares/Third_Party/FreeRTOS/Source/portable/MemMang/heap_4.o

.debug_abbrev   0x0000000000000000     0x242d
 .debug_abbrev  0x0000000000000000      0x109 Core/Src/freertos.o
 .debug_abbrev  0x0000000000000109      0x24f Core/Src/main.o
 .debug_abbrev  0x0000000000000358      0x18c Core/Src/stm32f0xx_hal_msp.o
 .debug_abbrev  0x00000000000004e4      0x1ac Core/Src/stm32f0xx_hal_timebase_tim.o
 .debug_abbrev  0x0000000000000690      0x169 Core/Src/stm32f0xx_it.o
 .debug_abbrev  0x00000000000007f9      0x12b Core/Src/system_stm32f0xx.o
 .debug_abbrev  0x0000000000000924       0x12 Core/Startup/startup_stm32f030r8tx.o
 .debug_abbrev  0x0000000000000936      0x1f2 Drivers/STM32F0xx_HAL_Driver/Src/stm32f0xx_hal.o
 .debug_abbrev  0x0000000000000b28      0x273 Drivers/STM32F0xx_HAL_Driver/Src/stm32f0xx_hal_cortex.o
 .debug_abbrev  0x0000000000000d9b      0x1c0 Drivers/STM32F0xx_HAL_Driver/Src/stm32f0xx_hal_gpio.o
 .debug_abbrev  0x0000000000000f5b      0x20f Drivers/STM32F0xx_HAL_Driver/Src/stm32f0xx_hal_rcc.o
 .debug_abbrev  0x000000000000116a      0x23f Drivers/STM32F0xx_HAL_Driver/Src/stm32f0xx_hal_tim.o
 .debug_abbrev  0x00000000000013a9      0x22d Drivers/STM32F0xx_HAL_Driver/Src/stm32f0xx_hal_tim_ex.o
 .debug_abbrev  0x00000000000015d6      0x305 Middlewares/Third_Party/FreeRTOS/Source/CMSIS_RTOS/cmsis_os.o
 .debug_abbrev  0x00000000000018db      0x1cf Middlewares/Third_Party/FreeRTOS/Source/list.o
 .debug_abbrev  0x0000000000001aaa      0x2c4 Middlewares/Third_Party/FreeRTOS/Source/queue.o
 .debug_abbrev  0x0000000000001d6e      0x2de Middlewares/Third_Party/FreeRTOS/Source/tasks.o
 .debug_abbrev  0x000000000000204c      0x1a4 Middlewares/Third_Party/FreeRTOS/Source/portable/GCC/ARM_CM0/port.o
 .debug_abbrev  0x00000000000021f0      0x23d Middlewares/Third_Party/FreeRTOS/Source/portable/MemMang/heap_4.o

.debug_aranges  0x0000000000000000      0xe68
 .debug_aranges
                0x0000000000000000       0x20 Core/Src/freertos.o
 .debug_aranges
                0x0000000000000020       0x58 Core/Src/main.o
 .debug_aranges
                0x0000000000000078       0x30 Core/Src/stm32f0xx_hal_msp.o
 .debug_aranges
                0x00000000000000a8       0x30 Core/Src/stm32f0xx_hal_timebase_tim.o
 .debug_aranges
                0x00000000000000d8       0x30 Core/Src/stm32f0xx_it.o
 .debug_aranges
                0x0000000000000108       0x28 Core/Src/system_stm32f0xx.o
 .debug_aranges
                0x0000000000000130       0x28 Core/Startup/startup_stm32f030r8tx.o
 .debug_aranges
                0x0000000000000158       0xd0 Drivers/STM32F0xx_HAL_Driver/Src/stm32f0xx_hal.o
 .debug_aranges
                0x0000000000000228       0xc0 Drivers/STM32F0xx_HAL_Driver/Src/stm32f0xx_hal_cortex.o
 .debug_aranges
                0x00000000000002e8       0x58 Drivers/STM32F0xx_HAL_Driver/Src/stm32f0xx_hal_gpio.o
 .debug_aranges
                0x0000000000000340       0x80 Drivers/STM32F0xx_HAL_Driver/Src/stm32f0xx_hal_rcc.o
 .debug_aranges
                0x00000000000003c0      0x3b8 Drivers/STM32F0xx_HAL_Driver/Src/stm32f0xx_hal_tim.o
 .debug_aranges
                0x0000000000000778      0x150 Drivers/STM32F0xx_HAL_Driver/Src/stm32f0xx_hal_tim_ex.o
 .debug_aranges
                0x00000000000008c8      0x1d8 Middlewares/Third_Party/FreeRTOS/Source/CMSIS_RTOS/cmsis_os.o
 .debug_aranges
                0x0000000000000aa0       0x40 Middlewares/Third_Party/FreeRTOS/Source/list.o
 .debug_aranges
                0x0000000000000ae0      0x108 Middlewares/Third_Party/FreeRTOS/Source/queue.o
 .debug_aranges
                0x0000000000000be8      0x1a8 Middlewares/Third_Party/FreeRTOS/Source/tasks.o
 .debug_aranges
                0x0000000000000d90       0x88 Middlewares/Third_Party/FreeRTOS/Source/portable/GCC/ARM_CM0/port.o
 .debug_aranges
                0x0000000000000e18       0x50 Middlewares/Third_Party/FreeRTOS/Source/portable/MemMang/heap_4.o

.debug_ranges   0x0000000000000000      0xd40
 .debug_ranges  0x0000000000000000       0x10 Core/Src/freertos.o
 .debug_ranges  0x0000000000000010       0x48 Core/Src/main.o
 .debug_ranges  0x0000000000000058       0x20 Core/Src/stm32f0xx_hal_msp.o
 .debug_ranges  0x0000000000000078       0x20 Core/Src/stm32f0xx_hal_timebase_tim.o
 .debug_ranges  0x0000000000000098       0x20 Core/Src/stm32f0xx_it.o
 .debug_ranges  0x00000000000000b8       0x18 Core/Src/system_stm32f0xx.o
 .debug_ranges  0x00000000000000d0       0x20 Core/Startup/startup_stm32f030r8tx.o
 .debug_ranges  0x00000000000000f0       0xc0 Drivers/STM32F0xx_HAL_Driver/Src/stm32f0xx_hal.o
 .debug_ranges  0x00000000000001b0       0xb0 Drivers/STM32F0xx_HAL_Driver/Src/stm32f0xx_hal_cortex.o
 .debug_ranges  0x0000000000000260       0x48 Drivers/STM32F0xx_HAL_Driver/Src/stm32f0xx_hal_gpio.o
 .debug_ranges  0x00000000000002a8       0x70 Drivers/STM32F0xx_HAL_Driver/Src/stm32f0xx_hal_rcc.o
 .debug_ranges  0x0000000000000318      0x3a8 Drivers/STM32F0xx_HAL_Driver/Src/stm32f0xx_hal_tim.o
 .debug_ranges  0x00000000000006c0      0x140 Drivers/STM32F0xx_HAL_Driver/Src/stm32f0xx_hal_tim_ex.o
 .debug_ranges  0x0000000000000800      0x1c8 Middlewares/Third_Party/FreeRTOS/Source/CMSIS_RTOS/cmsis_os.o
 .debug_ranges  0x00000000000009c8       0x30 Middlewares/Third_Party/FreeRTOS/Source/list.o
 .debug_ranges  0x00000000000009f8       0xf8 Middlewares/Third_Party/FreeRTOS/Source/queue.o
 .debug_ranges  0x0000000000000af0      0x198 Middlewares/Third_Party/FreeRTOS/Source/tasks.o
 .debug_ranges  0x0000000000000c88       0x78 Middlewares/Third_Party/FreeRTOS/Source/portable/GCC/ARM_CM0/port.o
 .debug_ranges  0x0000000000000d00       0x40 Middlewares/Third_Party/FreeRTOS/Source/portable/MemMang/heap_4.o

.debug_macro    0x0000000000000000     0xda05
 .debug_macro   0x0000000000000000      0x22f Core/Src/freertos.o
 .debug_macro   0x000000000000022f      0xa48 Core/Src/freertos.o
 .debug_macro   0x0000000000000c77      0x174 Core/Src/freertos.o
 .debug_macro   0x0000000000000deb       0x22 Core/Src/freertos.o
 .debug_macro   0x0000000000000e0d       0x8e Core/Src/freertos.o
 .debug_macro   0x0000000000000e9b       0x51 Core/Src/freertos.o
 .debug_macro   0x0000000000000eec       0xef Core/Src/freertos.o
 .debug_macro   0x0000000000000fdb       0x6a Core/Src/freertos.o
 .debug_macro   0x0000000000001045      0x1df Core/Src/freertos.o
 .debug_macro   0x0000000000001224       0xb2 Core/Src/freertos.o
 .debug_macro   0x00000000000012d6      0x15a Core/Src/freertos.o
 .debug_macro   0x0000000000001430       0xac Core/Src/freertos.o
 .debug_macro   0x00000000000014dc       0x10 Core/Src/freertos.o
 .debug_macro   0x00000000000014ec       0x1f Core/Src/freertos.o
 .debug_macro   0x000000000000150b      0x4c5 Core/Src/freertos.o
 .debug_macro   0x00000000000019d0       0xb5 Core/Src/freertos.o
 .debug_macro   0x0000000000001a85       0x8c Core/Src/freertos.o
 .debug_macro   0x0000000000001b11      0x133 Core/Src/freertos.o
 .debug_macro   0x0000000000001c44       0x2e Core/Src/freertos.o
 .debug_macro   0x0000000000001c72       0x22 Core/Src/freertos.o
 .debug_macro   0x0000000000001c94       0x1c Core/Src/freertos.o
 .debug_macro   0x0000000000001cb0       0x22 Core/Src/freertos.o
 .debug_macro   0x0000000000001cd2       0xb5 Core/Src/freertos.o
 .debug_macro   0x0000000000001d87      0x391 Core/Src/freertos.o
 .debug_macro   0x0000000000002118     0x6f39 Core/Src/freertos.o
 .debug_macro   0x0000000000009051       0x3c Core/Src/freertos.o
 .debug_macro   0x000000000000908d       0x54 Core/Src/freertos.o
 .debug_macro   0x00000000000090e1      0x924 Core/Src/freertos.o
 .debug_macro   0x0000000000009a05      0x17f Core/Src/freertos.o
 .debug_macro   0x0000000000009b84      0x12f Core/Src/freertos.o
 .debug_macro   0x0000000000009cb3       0xd9 Core/Src/freertos.o
 .debug_macro   0x0000000000009d8c      0x1a0 Core/Src/freertos.o
 .debug_macro   0x0000000000009f2c      0x1ed Core/Src/freertos.o
 .debug_macro   0x000000000000a119       0x34 Core/Src/freertos.o
 .debug_macro   0x000000000000a14d       0x43 Core/Src/freertos.o
 .debug_macro   0x000000000000a190       0x28 Core/Src/freertos.o
 .debug_macro   0x000000000000a1b8       0xb0 Core/Src/freertos.o
 .debug_macro   0x000000000000a268      0x199 Core/Src/freertos.o
 .debug_macro   0x000000000000a401      0x22c Core/Src/freertos.o
 .debug_macro   0x000000000000a62d       0x60 Core/Src/freertos.o
 .debug_macro   0x000000000000a68d       0xa5 Core/Src/freertos.o
 .debug_macro   0x000000000000a732       0x4c Core/Src/freertos.o
 .debug_macro   0x000000000000a77e       0x2b Core/Src/freertos.o
 .debug_macro   0x000000000000a7a9      0x8ae Core/Src/freertos.o
 .debug_macro   0x000000000000b057       0x28 Core/Src/freertos.o
 .debug_macro   0x000000000000b07f      0x543 Core/Src/freertos.o
 .debug_macro   0x000000000000b5c2       0x3e Core/Src/freertos.o
 .debug_macro   0x000000000000b600       0xff Core/Src/freertos.o
 .debug_macro   0x000000000000b6ff       0x64 Core/Src/freertos.o
 .debug_macro   0x000000000000b763      0x27a Core/Src/main.o
 .debug_macro   0x000000000000b9dd       0x91 Core/Src/main.o
 .debug_macro   0x000000000000ba6e       0x8d Core/Src/main.o
 .debug_macro   0x000000000000bafb       0x7e Core/Src/main.o
 .debug_macro   0x000000000000bb79       0x19 Core/Src/main.o
 .debug_macro   0x000000000000bb92       0xf2 Core/Src/main.o
 .debug_macro   0x000000000000bc84      0x1c7 Core/Src/stm32f0xx_hal_msp.o
 .debug_macro   0x000000000000be4b      0x1b8 Core/Src/stm32f0xx_hal_timebase_tim.o
 .debug_macro   0x000000000000c003      0x1d1 Core/Src/stm32f0xx_it.o
 .debug_macro   0x000000000000c1d4      0x1b8 Core/Src/system_stm32f0xx.o
 .debug_macro   0x000000000000c38c      0x1dc Drivers/STM32F0xx_HAL_Driver/Src/stm32f0xx_hal.o
 .debug_macro   0x000000000000c568      0x1b8 Drivers/STM32F0xx_HAL_Driver/Src/stm32f0xx_hal_cortex.o
 .debug_macro   0x000000000000c720      0x1f0 Drivers/STM32F0xx_HAL_Driver/Src/stm32f0xx_hal_gpio.o
 .debug_macro   0x000000000000c910      0x1ca Drivers/STM32F0xx_HAL_Driver/Src/stm32f0xx_hal_rcc.o
 .debug_macro   0x000000000000cada      0x1b9 Drivers/STM32F0xx_HAL_Driver/Src/stm32f0xx_hal_tim.o
 .debug_macro   0x000000000000cc93      0x1b8 Drivers/STM32F0xx_HAL_Driver/Src/stm32f0xx_hal_tim_ex.o
 .debug_macro   0x000000000000ce4b      0x1f1 Middlewares/Third_Party/FreeRTOS/Source/CMSIS_RTOS/cmsis_os.o
 .debug_macro   0x000000000000d03c       0x10 Middlewares/Third_Party/FreeRTOS/Source/CMSIS_RTOS/cmsis_os.o
 .debug_macro   0x000000000000d04c       0x20 Middlewares/Third_Party/FreeRTOS/Source/CMSIS_RTOS/cmsis_os.o
 .debug_macro   0x000000000000d06c       0x9d Middlewares/Third_Party/FreeRTOS/Source/CMSIS_RTOS/cmsis_os.o
 .debug_macro   0x000000000000d109      0x17a Middlewares/Third_Party/FreeRTOS/Source/list.o
 .debug_macro   0x000000000000d283      0x205 Middlewares/Third_Party/FreeRTOS/Source/queue.o
 .debug_macro   0x000000000000d488       0x16 Middlewares/Third_Party/FreeRTOS/Source/queue.o
 .debug_macro   0x000000000000d49e      0x27a Middlewares/Third_Party/FreeRTOS/Source/tasks.o
 .debug_macro   0x000000000000d718       0x10 Middlewares/Third_Party/FreeRTOS/Source/tasks.o
 .debug_macro   0x000000000000d728      0x13c Middlewares/Third_Party/FreeRTOS/Source/portable/GCC/ARM_CM0/port.o
 .debug_macro   0x000000000000d864      0x1a1 Middlewares/Third_Party/FreeRTOS/Source/portable/MemMang/heap_4.o

.debug_line     0x0000000000000000     0xb5cd
 .debug_line    0x0000000000000000      0x7c1 Core/Src/freertos.o
 .debug_line    0x00000000000007c1      0x90e Core/Src/main.o
 .debug_line    0x00000000000010cf      0x6f7 Core/Src/stm32f0xx_hal_msp.o
 .debug_line    0x00000000000017c6      0x6fc Core/Src/stm32f0xx_hal_timebase_tim.o
 .debug_line    0x0000000000001ec2      0x6fa Core/Src/stm32f0xx_it.o
 .debug_line    0x00000000000025bc      0x6e2 Core/Src/system_stm32f0xx.o
 .debug_line    0x0000000000002c9e       0x89 Core/Startup/startup_stm32f030r8tx.o
 .debug_line    0x0000000000002d27      0x87e Drivers/STM32F0xx_HAL_Driver/Src/stm32f0xx_hal.o
 .debug_line    0x00000000000035a5      0x896 Drivers/STM32F0xx_HAL_Driver/Src/stm32f0xx_hal_cortex.o
 .debug_line    0x0000000000003e3b      0x841 Drivers/STM32F0xx_HAL_Driver/Src/stm32f0xx_hal_gpio.o
 .debug_line    0x000000000000467c      0x93f Drivers/STM32F0xx_HAL_Driver/Src/stm32f0xx_hal_rcc.o
 .debug_line    0x0000000000004fbb     0x1aa1 Drivers/STM32F0xx_HAL_Driver/Src/stm32f0xx_hal_tim.o
 .debug_line    0x0000000000006a5c      0xcc5 Drivers/STM32F0xx_HAL_Driver/Src/stm32f0xx_hal_tim_ex.o
 .debug_line    0x0000000000007721      0xcdd Middlewares/Third_Party/FreeRTOS/Source/CMSIS_RTOS/cmsis_os.o
 .debug_line    0x00000000000083fe      0x6a2 Middlewares/Third_Party/FreeRTOS/Source/list.o
 .debug_line    0x0000000000008aa0      0xd9e Middlewares/Third_Party/FreeRTOS/Source/queue.o
 .debug_line    0x000000000000983e     0x103d Middlewares/Third_Party/FreeRTOS/Source/tasks.o
 .debug_line    0x000000000000a87b      0x5f3 Middlewares/Third_Party/FreeRTOS/Source/portable/GCC/ARM_CM0/port.o
 .debug_line    0x000000000000ae6e      0x75f Middlewares/Third_Party/FreeRTOS/Source/portable/MemMang/heap_4.o

.debug_str      0x0000000000000000    0x52dc8
 .debug_str     0x0000000000000000    0x4886d Core/Src/freertos.o
                                      0x48a8e (size before relaxing)
 .debug_str     0x000000000004886d     0x2a7b Core/Src/main.o
                                      0x4b4fd (size before relaxing)
 .debug_str     0x000000000004b2e8      0x22e Core/Src/stm32f0xx_hal_msp.o
                                      0x45753 (size before relaxing)
 .debug_str     0x000000000004b516      0x1d2 Core/Src/stm32f0xx_hal_timebase_tim.o
                                      0x457aa (size before relaxing)
 .debug_str     0x000000000004b6e8       0x5c Core/Src/stm32f0xx_it.o
                                      0x45675 (size before relaxing)
 .debug_str     0x000000000004b744       0x5f Core/Src/system_stm32f0xx.o
                                      0x451b7 (size before relaxing)
 .debug_str     0x000000000004b7a3       0x36 Core/Startup/startup_stm32f030r8tx.o
                                         0x6a (size before relaxing)
 .debug_str     0x000000000004b7d9      0x34d Drivers/STM32F0xx_HAL_Driver/Src/stm32f0xx_hal.o
                                      0x456bf (size before relaxing)
 .debug_str     0x000000000004bb26      0x203 Drivers/STM32F0xx_HAL_Driver/Src/stm32f0xx_hal_cortex.o
                                      0x45577 (size before relaxing)
 .debug_str     0x000000000004bd29      0x213 Drivers/STM32F0xx_HAL_Driver/Src/stm32f0xx_hal_gpio.o
                                      0x45453 (size before relaxing)
 .debug_str     0x000000000004bf3c      0x24a Drivers/STM32F0xx_HAL_Driver/Src/stm32f0xx_hal_rcc.o
                                      0x455c1 (size before relaxing)
 .debug_str     0x000000000004c186      0xe39 Drivers/STM32F0xx_HAL_Driver/Src/stm32f0xx_hal_tim.o
                                      0x463b0 (size before relaxing)
 .debug_str     0x000000000004cfbf      0x579 Drivers/STM32F0xx_HAL_Driver/Src/stm32f0xx_hal_tim_ex.o
                                      0x45b64 (size before relaxing)
 .debug_str     0x000000000004d538     0x3662 Middlewares/Third_Party/FreeRTOS/Source/CMSIS_RTOS/cmsis_os.o
                                       0xd65b (size before relaxing)
 .debug_str     0x0000000000050b9a      0x225 Middlewares/Third_Party/FreeRTOS/Source/list.o
                                       0xa118 (size before relaxing)
 .debug_str     0x0000000000050dbf      0x7c1 Middlewares/Third_Party/FreeRTOS/Source/queue.o
                                       0xb769 (size before relaxing)
 .debug_str     0x0000000000051580     0x1166 Middlewares/Third_Party/FreeRTOS/Source/tasks.o
                                       0xc23e (size before relaxing)
 .debug_str     0x00000000000526e6      0x488 Middlewares/Third_Party/FreeRTOS/Source/portable/GCC/ARM_CM0/port.o
                                       0x7a46 (size before relaxing)
 .debug_str     0x0000000000052b6e      0x25a Middlewares/Third_Party/FreeRTOS/Source/portable/MemMang/heap_4.o
                                       0xa81c (size before relaxing)

.comment        0x0000000000000000       0x7b
 .comment       0x0000000000000000       0x7b Core/Src/freertos.o
                                         0x7c (size before relaxing)
 .comment       0x000000000000007b       0x7c Core/Src/main.o
 .comment       0x000000000000007b       0x7c Core/Src/stm32f0xx_hal_msp.o
 .comment       0x000000000000007b       0x7c Core/Src/stm32f0xx_hal_timebase_tim.o
 .comment       0x000000000000007b       0x7c Core/Src/stm32f0xx_it.o
 .comment       0x000000000000007b       0x7c Core/Src/system_stm32f0xx.o
 .comment       0x000000000000007b       0x7c Drivers/STM32F0xx_HAL_Driver/Src/stm32f0xx_hal.o
 .comment       0x000000000000007b       0x7c Drivers/STM32F0xx_HAL_Driver/Src/stm32f0xx_hal_cortex.o
 .comment       0x000000000000007b       0x7c Drivers/STM32F0xx_HAL_Driver/Src/stm32f0xx_hal_gpio.o
 .comment       0x000000000000007b       0x7c Drivers/STM32F0xx_HAL_Driver/Src/stm32f0xx_hal_rcc.o
 .comment       0x000000000000007b       0x7c Drivers/STM32F0xx_HAL_Driver/Src/stm32f0xx_hal_tim.o
 .comment       0x000000000000007b       0x7c Drivers/STM32F0xx_HAL_Driver/Src/stm32f0xx_hal_tim_ex.o
 .comment       0x000000000000007b       0x7c Middlewares/Third_Party/FreeRTOS/Source/CMSIS_RTOS/cmsis_os.o
 .comment       0x000000000000007b       0x7c Middlewares/Third_Party/FreeRTOS/Source/list.o
 .comment       0x000000000000007b       0x7c Middlewares/Third_Party/FreeRTOS/Source/queue.o
 .comment       0x000000000000007b       0x7c Middlewares/Third_Party/FreeRTOS/Source/tasks.o
 .comment       0x000000000000007b       0x7c Middlewares/Third_Party/FreeRTOS/Source/portable/GCC/ARM_CM0/port.o
 .comment       0x000000000000007b       0x7c Middlewares/Third_Party/FreeRTOS/Source/portable/MemMang/heap_4.o

.debug_frame    0x0000000000000000     0x32d0
 .debug_frame   0x0000000000000000       0x30 Core/Src/freertos.o
 .debug_frame   0x0000000000000030      0x110 Core/Src/main.o
 .debug_frame   0x0000000000000140       0x70 Core/Src/stm32f0xx_hal_msp.o
 .debug_frame   0x00000000000001b0       0x68 Core/Src/stm32f0xx_hal_timebase_tim.o
 .debug_frame   0x0000000000000218       0x64 Core/Src/stm32f0xx_it.o
 .debug_frame   0x000000000000027c       0x4c Core/Src/system_stm32f0xx.o
 .debug_frame   0x00000000000002c8      0x2a4 Drivers/STM32F0xx_HAL_Driver/Src/stm32f0xx_hal.o
 .debug_frame   0x000000000000056c      0x2a0 Drivers/STM32F0xx_HAL_Driver/Src/stm32f0xx_hal_cortex.o
 .debug_frame   0x000000000000080c      0x110 Drivers/STM32F0xx_HAL_Driver/Src/stm32f0xx_hal_gpio.o
 .debug_frame   0x000000000000091c      0x198 Drivers/STM32F0xx_HAL_Driver/Src/stm32f0xx_hal_rcc.o
 .debug_frame   0x0000000000000ab4      0xe90 Drivers/STM32F0xx_HAL_Driver/Src/stm32f0xx_hal_tim.o
 .debug_frame   0x0000000000001944      0x4f0 Drivers/STM32F0xx_HAL_Driver/Src/stm32f0xx_hal_tim_ex.o
 .debug_frame   0x0000000000001e34      0x6f4 Middlewares/Third_Party/FreeRTOS/Source/CMSIS_RTOS/cmsis_os.o
 .debug_frame   0x0000000000002528       0xb0 Middlewares/Third_Party/FreeRTOS/Source/list.o
 .debug_frame   0x00000000000025d8      0x3d0 Middlewares/Third_Party/FreeRTOS/Source/queue.o
 .debug_frame   0x00000000000029a8      0x63c Middlewares/Third_Party/FreeRTOS/Source/tasks.o
 .debug_frame   0x0000000000002fe4      0x174 Middlewares/Third_Party/FreeRTOS/Source/portable/GCC/ARM_CM0/port.o
 .debug_frame   0x0000000000003158       0xe4 Middlewares/Third_Party/FreeRTOS/Source/portable/MemMang/heap_4.o
 .debug_frame   0x000000000000323c       0x2c c:/program files/stm32cubeide_1.4.0/stm32cubeide/plugins/com.st.stm32cube.ide.mcu.externaltools.gnu-tools-for-stm32.7-2018-q2-update.win32_1.4.0.202007081208/tools/bin/../lib/gcc/arm-none-eabi/7.3.1/../../../../arm-none-eabi/lib/thumb/v6-m\libc_nano.a(lib_a-init.o)
 .debug_frame   0x0000000000003268       0x28 c:/program files/stm32cubeide_1.4.0/stm32cubeide/plugins/com.st.stm32cube.ide.mcu.externaltools.gnu-tools-for-stm32.7-2018-q2-update.win32_1.4.0.202007081208/tools/bin/../lib/gcc/arm-none-eabi/7.3.1/../../../../arm-none-eabi/lib/thumb/v6-m\libc_nano.a(lib_a-memcpy-stub.o)
 .debug_frame   0x0000000000003290       0x20 c:/program files/stm32cubeide_1.4.0/stm32cubeide/plugins/com.st.stm32cube.ide.mcu.externaltools.gnu-tools-for-stm32.7-2018-q2-update.win32_1.4.0.202007081208/tools/bin/../lib/gcc/arm-none-eabi/7.3.1/../../../../arm-none-eabi/lib/thumb/v6-m\libc_nano.a(lib_a-memset.o)
 .debug_frame   0x00000000000032b0       0x20 c:/program files/stm32cubeide_1.4.0/stm32cubeide/plugins/com.st.stm32cube.ide.mcu.externaltools.gnu-tools-for-stm32.7-2018-q2-update.win32_1.4.0.202007081208/tools/bin/../lib/gcc/arm-none-eabi/7.3.1/thumb/v6-m\libgcc.a(_udivsi3.o)
